../Core/Src/main.c:86:6:HAL_GPIO_EXTI_Callback	16	static
../Core/Src/main.c:93:6:PUSH_ISR	16	static
../Core/Src/main.c:103:6:print_menu	56	static
../Core/Src/main.c:128:5:main	120	static
../Core/Src/main.c:332:6:SystemClock_Config	72	static
../Core/Src/main.c:371:13:MX_I2C1_Init	8	static
../Core/Src/main.c:405:13:MX_SPI1_Init	8	static
../Core/Src/main.c:443:13:MX_TIM1_Init	96	static
../Core/Src/main.c:518:13:MX_TIM2_Init	64	static
../Core/Src/main.c:576:13:MX_TIM3_Init	64	static
../Core/Src/main.c:634:13:MX_TIM4_Init	64	static
../Core/Src/main.c:692:13:MX_GPIO_Init	40	static
../Core/Src/main.c:769:6:Error_Handler	4	static,ignoring_inline_asm
